info: cargo-llvm-cov currently setting cfg(coverage); you can opt-out it by passing --no-cfg-coverage
   Compiling harness-gate v0.3.7 (/home/gem/symphony-workspaces/GH-94/target/quality/gh-94/v2/base/tools/harness-gate)
    Finished `test` profile [unoptimized + debuginfo] target(s) in 14.15s
────────────
 Nextest run ID d2954b7d-64a6-4252-aabd-675a3e51e586 with nextest profile: default
    Starting 308 tests across 5 binaries
        PASS [   0.015s] (  1/308) harness-gate::cli_test test_init_with_invalid_preset
        PASS [   0.015s] (  2/308) harness-gate::cli_test test_help_command
        PASS [   0.016s] (  3/308) harness-gate::cli_test test_config_check_without_config
        PASS [   0.010s] (  4/308) harness-gate::cli_test test_invalid_subcommand
        PASS [   0.009s] (  5/308) harness-gate::cli_test test_presets_command
        PASS [   0.022s] (  6/308) harness-gate::cli_test test_schema_export_writes_the_flow_schema_without_a_project_config
        PASS [   0.067s] (  7/308) harness-gate::cli_test test_color_never_keeps_human_readable_output_plain
        PASS [   0.068s] (  8/308) harness-gate::cli_test test_doctor_basic
        PASS [   0.068s] (  9/308) harness-gate::cli_test test_color_always_styles_human_readable_output
        PASS [   0.009s] ( 10/308) harness-gate::cli_test test_verify_without_project
        PASS [   0.009s] ( 11/308) harness-gate::cli_test test_version_command
        PASS [   0.133s] ( 12/308) harness-gate::cli_test test_cleanup_dry_run_writes_machine_readable_evidence
        PASS [   0.145s] ( 13/308) harness-gate::cli_test test_audit_reports_a_typed_configuration_error
        PASS [   0.184s] ( 14/308) harness-gate::cli_test test_legacy_report_dir_alias_warns_and_new_namespace_wins
        PASS [   0.139s] ( 15/308) harness-gate::cli_test test_verify_reports_a_typed_selection_error
        PASS [   0.191s] ( 16/308) harness-gate::cli_test test_scope_without_git
        PASS [   0.202s] ( 17/308) harness-gate::cli_test test_secrets_reports_a_typed_configuration_error
        PASS [   0.061s] ( 18/308) harness-gate::integration_test test_config_check_invalid
        PASS [   0.347s] ( 19/308) harness-gate::cli_test test_rust_and_python_projects_use_their_own_audit_configuration
        PASS [   0.108s] ( 20/308) harness-gate::integration_test test_config_check_valid
        PASS [   0.059s] ( 21/308) harness-gate::integration_test test_init_creates_gitignore_entry
        PASS [   0.169s] ( 22/308) harness-gate::integration_test test_config_check_json_is_machine_readable_for_success_and_failure
        PASS [   0.012s] ( 23/308) harness-gate::integration_test test_presets_lists_available
        PASS [   0.066s] ( 24/308) harness-gate::integration_test test_init_twice_fails
        PASS [   0.062s] ( 25/308) harness-gate::integration_test test_init_with_rust_api_preset
        PASS [   0.151s] ( 26/308) harness-gate::integration_test test_scope_detection_all
        PASS [   0.170s] ( 27/308) harness-gate::integration_test test_verify_fails_without_git
        PASS [   0.024s] ( 28/308) harness-gate::bin/harness-gate audit::tests::architecture_rule_detects_multiline_raw_sql_and_query_builder
        PASS [   0.015s] ( 29/308) harness-gate::bin/harness-gate audit::tests::architecture_rule_scans_every_configured_root
        PASS [   0.013s] ( 30/308) harness-gate::bin/harness-gate audit::tests::audit_rejects_an_oversized_source_before_reading_it
        PASS [   0.026s] ( 31/308) harness-gate::bin/harness-gate audit::tests::audit_reports_redact_violation_content_in_json_and_markdown
        PASS [   0.012s] ( 32/308) harness-gate::bin/harness-gate audit::tests::audit_schema_accepts_current_config_and_rejects_incompatible_inputs
        PASS [   0.014s] ( 33/308) harness-gate::bin/harness-gate audit::tests::audit_skips_file_symlinks
        PASS [   0.014s] ( 34/308) harness-gate::bin/harness-gate audit::tests::configured_comment_syntax_handles_strings_and_block_comments
        PASS [   0.022s] ( 35/308) harness-gate::bin/harness-gate audit::tests::hard_rule_detects_multiline_and_dynamic_sql_surfaces
        PASS [   0.030s] ( 36/308) harness-gate::bin/harness-gate audit::tests::hard_rule_detects_multiline_sensitive_logging
        PASS [   0.014s] ( 37/308) harness-gate::bin/harness-gate audit::tests::hard_rule_scans_every_configured_root
        PASS [   0.094s] ( 38/308) harness-gate::bin/harness-gate audit::tests::initialized_project_can_add_and_run_its_first_audit_rule
        PASS [   0.011s] ( 39/308) harness-gate::bin/harness-gate audit::tests::invalid_rule_regex_returns_an_error
        PASS [   0.009s] ( 40/308) harness-gate::bin/harness-gate audit::tests::legacy_audit_shapes_receive_actionable_migration_errors
        PASS [   0.007s] ( 41/308) harness-gate::bin/harness-gate audit::tests::literal_allowlist_is_a_path_prefix_not_a_substring
        PASS [   0.035s] ( 42/308) harness-gate::bin/harness-gate audit::tests::log_parser_falls_back_to_the_last_thirty_raw_lines
        PASS [   0.036s] ( 43/308) harness-gate::bin/harness-gate audit::tests::log_parser_keeps_the_error_in_a_long_trace
        PASS [   0.036s] ( 44/308) harness-gate::bin/harness-gate audit::tests::log_parser_keeps_the_error_trace
        PASS [   0.038s] ( 45/308) harness-gate::bin/harness-gate audit::tests::log_parser_reads_trace_id_from_the_current_span
        PASS [   0.045s] ( 46/308) harness-gate::bin/harness-gate audit::tests::log_parser_redacts_structured_and_fallback_output
        PASS [   0.019s] ( 47/308) harness-gate::bin/harness-gate audit::tests::log_parser_rejects_an_oversized_line_before_retaining_it
        PASS [   0.010s] ( 48/308) harness-gate::bin/harness-gate audit::tests::missing_rule_root_fails_closed
        PASS [   0.009s] ( 49/308) harness-gate::bin/harness-gate audit::tests::regex_allowlist_is_explicit
        PASS [   0.853s] ( 50/308) harness-gate::integration_test test_secrets_scan_basic
        PASS [   0.025s] ( 51/308) harness-gate::bin/harness-gate audit::tests::report_keeps_rule_names_with_shared_prefixes_separate
        PASS [   0.009s] ( 52/308) harness-gate::bin/harness-gate audit::tests::rule_extension_requires_configured_comment_syntax
        PASS [   0.010s] ( 53/308) harness-gate::bin/harness-gate audit::tests::rule_root_cannot_escape_project
        PASS [   0.008s] ( 54/308) harness-gate::bin/harness-gate compat::tests::comparison_correlates_distinct_invocations_and_artifact_roots
        PASS [   0.020s] ( 55/308) harness-gate::bin/harness-gate compat::tests::canary_enable_and_rollback_are_auditable
        PASS [   0.007s] ( 56/308) harness-gate::bin/harness-gate compat::tests::comparison_ignores_volatile_fields_but_keeps_status_differences
        PASS [   0.009s] ( 57/308) harness-gate::bin/harness-gate config::tests::audit_configuration_path_rejects_environment_interpolation
        PASS [   0.009s] ( 58/308) harness-gate::bin/harness-gate config::tests::both_builtin_gate_declarations_can_coexist_without_log_conflicts
        PASS [   0.010s] ( 59/308) harness-gate::bin/harness-gate config::tests::built_in_gate_declarations_are_validated_as_typed_steps
        PASS [   0.009s] ( 60/308) harness-gate::bin/harness-gate config::tests::components_and_profiles_are_not_hard_coded
        PASS [   0.025s] ( 61/308) harness-gate::bin/harness-gate config::tests::builtin_gate_diagnostics_preserve_typed_field_paths
        PASS [   0.013s] ( 62/308) harness-gate::bin/harness-gate config::tests::dependency_order_allows_service_reuse_but_not_log_reuse
        PASS [   0.008s] ( 63/308) harness-gate::bin/harness-gate config::tests::diagnostics_serialize_typed_retry_class_without_message_inference
        PASS [   0.008s] ( 64/308) harness-gate::bin/harness-gate config::tests::diagnostics_truncate_at_the_documented_maximum
        PASS [   0.007s] ( 65/308) harness-gate::bin/harness-gate config::tests::discovery_errors_keep_configuration_field_paths_in_json_reports
        PASS [   0.011s] ( 66/308) harness-gate::bin/harness-gate config::tests::duplicate_logs_use_a_conservative_case_normalized_identity
        PASS [   0.009s] ( 67/308) harness-gate::bin/harness-gate config::tests::duplicate_service_injection_variables_are_rejected
        PASS [   0.030s] ( 68/308) harness-gate::bin/harness-gate config::tests::doctor_parser_alias_and_scope_diagnostics_keep_configuration_paths
        PASS [   0.010s] ( 69/308) harness-gate::bin/harness-gate config::tests::environment_interpolation_requires_defined_variables
        PASS [   0.011s] ( 70/308) harness-gate::bin/harness-gate config::tests::environment_interpolation_supports_defaults
        PASS [   0.016s] ( 71/308) harness-gate::bin/harness-gate config::tests::execution_and_webhook_contracts_reject_unknown_or_unsafe_inputs
        PASS [   0.010s] ( 72/308) harness-gate::bin/harness-gate config::tests::execution_policy_defaults_to_serial_and_four_workers_when_enabled
        PASS [   0.013s] ( 73/308) harness-gate::bin/harness-gate config::tests::execution_policy_diagnostic_points_to_max_parallel
        PASS [   0.010s] ( 74/308) harness-gate::bin/harness-gate config::tests::execution_policy_rejects_zero_and_values_above_the_bound
        PASS [   0.010s] ( 75/308) harness-gate::bin/harness-gate config::tests::existing_v2_config_defaults_the_secret_rule_path
        PASS [   0.013s] ( 76/308) harness-gate::bin/harness-gate config::tests::execution_retry_diagnostic_points_to_the_attempt_limit
        PASS [   1.412s] ( 77/308) harness-gate::failure_paths_test cli_selection_profile_alias_and_discovery_boundaries
        PASS [   0.028s] ( 78/308) harness-gate::bin/harness-gate config::tests::external_step_diagnostics_cover_closed_field_contract
        PASS [   0.009s] ( 79/308) harness-gate::bin/harness-gate config::tests::external_steps_reject_gate_fields
        PASS [   0.033s] ( 80/308) harness-gate::bin/harness-gate config::tests::external_step_diagnostics_cover_paths_logs_timeouts_and_references
        PASS [   0.014s] ( 81/308) harness-gate::bin/harness-gate config::tests::flow_config_accessors_and_schema_cover_the_public_configuration_surface
        PASS [   0.016s] ( 82/308) harness-gate::bin/harness-gate config::tests::generic_runner_requires_an_explicit_thread_environment
        PASS [   0.012s] ( 83/308) harness-gate::bin/harness-gate config::tests::human_diagnostic_location_has_one_closing_parenthesis
        PASS [   0.012s] ( 84/308) harness-gate::bin/harness-gate config::tests::independent_semantic_errors_are_aggregated_with_precise_paths
        PASS [   0.010s] ( 85/308) harness-gate::bin/harness-gate config::tests::junit_report_path_must_stay_relative_to_the_report_directory
        PASS [   0.012s] ( 86/308) harness-gate::bin/harness-gate config::tests::independent_services_with_the_same_injection_are_rejected
        PASS [   0.011s] ( 87/308) harness-gate::bin/harness-gate config::tests::policy_steps_cannot_be_missing
        PASS [   0.015s] ( 88/308) harness-gate::bin/harness-gate config::tests::repeated_service_references_emit_one_shared_resource_diagnostic_per_pair
        PASS [   0.017s] ( 89/308) harness-gate::bin/harness-gate config::tests::report_template_diagnostics_cover_pair_paths_and_extensions
        PASS [   0.010s] ( 90/308) harness-gate::bin/harness-gate config::tests::repository_configuration_is_valid
        PASS [   0.014s] ( 91/308) harness-gate::bin/harness-gate config::tests::runner_contract_rejects_invalid_fields
        PASS [   0.011s] ( 92/308) harness-gate::bin/harness-gate config::tests::runner_rejects_shared_isolation_for_multiple_workers
        PASS [   0.032s] ( 93/308) harness-gate::bin/harness-gate config::tests::runner_diagnostics_cover_version_kind_program_and_thread_contracts
        PASS [   0.014s] ( 94/308) harness-gate::bin/harness-gate config::tests::runner_thread_environment_cannot_shadow_service_injection
        PASS [   0.036s] ( 95/308) harness-gate::bin/harness-gate config::tests::runner_diagnostics_cover_environment_isolation_and_arguments
        PASS [   0.009s] ( 96/308) harness-gate::bin/harness-gate config::tests::shell_command_strings_are_rejected
        PASS [   0.022s] ( 97/308) harness-gate::bin/harness-gate config::tests::service_diagnostics_cover_duplicates_references_and_environment_collisions
        PASS [   0.018s] ( 98/308) harness-gate::bin/harness-gate config::tests::service_diagnostics_cover_runner_and_multi_service_injection_collisions
        PASS [   0.010s] ( 99/308) harness-gate::bin/harness-gate config::tests::step_dependency_cycles_are_rejected
        PASS [   0.010s] (100/308) harness-gate::bin/harness-gate config::tests::template_symlink_escape_is_rejected
        PASS [   0.014s] (101/308) harness-gate::bin/harness-gate config::tests::step_logs_reject_windows_and_path_like_names_on_every_platform
        PASS [   0.017s] (102/308) harness-gate::bin/harness-gate config::tests::template_paths_must_stay_inside_a_disjoint_repository_root
        PASS [   0.009s] (103/308) harness-gate::bin/harness-gate config::tests::unknown_built_in_gate_types_fail_closed
        PASS [   0.013s] (104/308) harness-gate::bin/harness-gate config::tests::transitive_dependency_allows_service_reuse
        PASS [   0.009s] (105/308) harness-gate::bin/harness-gate config::tests::unknown_fields_are_rejected
        PASS [   0.009s] (106/308) harness-gate::bin/harness-gate config::tests::versioned_runner_contract_accepts_explicit_isolation
        PASS [   0.010s] (107/308) harness-gate::bin/harness-gate config::tests::version_one_configuration_can_be_migrated
        PASS [   0.016s] (108/308) harness-gate::bin/harness-gate config::tests::unordered_steps_reusing_a_service_are_rejected_with_field_paths
        PASS [   0.014s] (109/308) harness-gate::bin/harness-gate config::tests::windows_prefixed_paths_are_rejected_on_every_platform
        PASS [   0.011s] (110/308) harness-gate::bin/harness-gate config::tests::windows_style_parent_traversal_is_rejected_on_every_platform
        PASS [   0.018s] (111/308) harness-gate::bin/harness-gate config::tests::webhook_configuration_requires_http_url_and_an_enabled_result
        PASS [   0.008s] (112/308) harness-gate::bin/harness-gate failure::tests::failure_code_wire_names_are_stable_and_closed
        PASS [   0.007s] (113/308) harness-gate::bin/harness-gate failure::tests::retry_class_wire_names_are_stable_and_closed
        PASS [   0.007s] (114/308) harness-gate::bin/harness-gate net_policy::tests::normalizes_exact_hosts_without_wildcards
        PASS [   0.010s] (115/308) harness-gate::bin/harness-gate net_policy::tests::rejects_local_address_matrix
        PASS [   0.010s] (116/308) harness-gate::bin/harness-gate preset::tests::atomic_write_batch_cleans_staged_files_when_staging_fails
        PASS [   0.011s] (117/308) harness-gate::bin/harness-gate preset::tests::atomic_write_batch_rejects_broken_symlink
        PASS [   0.060s] (118/308) harness-gate::bin/harness-gate doctor::tests::git_remote_check_rejects_non_git_directory
        PASS [   0.012s] (119/308) harness-gate::bin/harness-gate preset::tests::atomic_write_batch_restores_backups_when_commit_fails
        PASS [   0.028s] (120/308) harness-gate::bin/harness-gate preset::tests::atomic_write_batch_writes_all_entries
        PASS [   0.021s] (121/308) harness-gate::bin/harness-gate preset::tests::atomic_write_replaces_complete_content
        PASS [   0.008s] (122/308) harness-gate::bin/harness-gate preset::tests::existing_symlink_cannot_escape_project
        PASS [   0.021s] (123/308) harness-gate::bin/harness-gate preset::tests::every_embedded_preset_is_valid
        PASS [   1.273s] (124/308) harness-gate::integration_test test_verify_cancellation_stops_the_child_process
        PASS [   0.008s] (125/308) harness-gate::bin/harness-gate preset::tests::project_names_become_portable_ids
        PASS [   0.130s] (126/308) harness-gate::bin/harness-gate doctor::tests::relative_glob_matches_paths_from_the_project_root
        PASS [   0.107s] (127/308) harness-gate::bin/harness-gate preset::tests::init_writes_required_security_configs
        PASS [   1.999s] (128/308) harness-gate::failure_paths_test verification_cleanup_cancel_and_report_precedence_retains_resource_evidence
        PASS [   2.147s] (129/308) harness-gate::failure_paths_test staged_content_controls_result_and_snapshots_are_cleaned_after_failure
        PASS [   0.970s] (130/308) harness-gate::bin/harness-gate process::adapter::tests::artifact_root_budget_counts_undeclared_files
        PASS [   1.257s] (131/308) harness-gate::bin/harness-gate process::adapter::tests::capability_and_signature_fail_closed
        PASS [   1.697s] (132/308) harness-gate::bin/harness-gate process::adapter::tests::blocked_stdin_writer_cannot_bypass_adapter_timeout
        PASS [   3.906s] (133/308) harness-gate::failure_paths_test doctor_kinds_execute_success_required_failure_and_optional_warning
        PASS [   1.991s] (134/308) harness-gate::bin/harness-gate process::adapter::tests::durable_nonce_sidecar_rejects_replay_after_host_restart
        PASS [   1.295s] (135/308) harness-gate::bin/harness-gate process::adapter::tests::output_budget_fails_closed_with_a_truncation_marker
        PASS [   0.017s] (136/308) harness-gate::bin/harness-gate process::isolation::tests::allocation_has_unique_worker_ids_and_cleanup_state
        PASS [   0.890s] (137/308) harness-gate::bin/harness-gate process::adapter::tests::request_and_response_validation_edges_fail_closed
        PASS [   0.010s] (138/308) harness-gate::bin/harness-gate process::task::tests::wait_backoff_is_bounded_and_starts_short
        PASS [   4.240s] (139/308) harness-gate::failure_paths_test configured_runner_service_isolation_and_shards_match_the_executed_process
        PASS [   0.061s] (140/308) harness-gate::bin/harness-gate process::tests::captured_command_enforces_output_budget
        PASS [   0.072s] (141/308) harness-gate::bin/harness-gate process::tests::abnormal_or_cancelled_worker_removes_isolation_state
        PASS [   0.010s] (142/308) harness-gate::bin/harness-gate process::tests::process_tree_child_fixture
        PASS [   0.010s] (143/308) harness-gate::bin/harness-gate process::tests::process_tree_parent_fixture
        PASS [   0.022s] (144/308) harness-gate::bin/harness-gate process::tests::task_can_remove_an_inherited_environment_variable
        PASS [   0.025s] (145/308) harness-gate::bin/harness-gate process::tests::task_runs_in_an_isolated_session
        PASS [   0.160s] (146/308) harness-gate::bin/harness-gate process::tests::captured_command_has_a_hard_timeout
        PASS [   0.068s] (147/308) harness-gate::bin/harness-gate process::tests::timeout_terminates_the_task
        PASS [   0.097s] (148/308) harness-gate::bin/harness-gate project::tests::invocation_reports_resolve_their_stable_invocation_id
        PASS [   0.097s] (149/308) harness-gate::bin/harness-gate project::tests::preparation_does_not_change_the_process_working_directory
        PASS [   0.010s] (150/308) harness-gate::bin/harness-gate project::tests::repository_path_rejects_symlink_escape
        PASS [   0.218s] (151/308) harness-gate::bin/harness-gate scope::tests::detects_staged_changes
        PASS [   0.290s] (152/308) harness-gate::bin/harness-gate scope::tests::detects_changes_against_a_base_revision
        PASS [   0.012s] (153/308) harness-gate::bin/harness-gate scope::tests::frontend_change_only_selects_frontend
        PASS [   0.969s] (154/308) harness-gate::bin/harness-gate process::adapter::tests::signed_fixture_runs_and_publishes_artifact
        PASS [   0.008s] (155/308) harness-gate::bin/harness-gate scope::tests::unmatched_paths_are_reported
        PASS [   0.207s] (156/308) harness-gate::bin/harness-gate scope::tests::rejects_a_missing_base_revision
        PASS [   0.012s] (157/308) harness-gate::bin/harness-gate scope::tests::workflow_changes_force_all_components
        PASS [   0.307s] (158/308) harness-gate::bin/harness-gate scope::tests::detects_working_tree_changes
        PASS [   0.046s] (159/308) harness-gate::bin/harness-gate secrets::tests::default_preset_secret_config_is_valid
        PASS [   0.052s] (160/308) harness-gate::bin/harness-gate secrets::tests::detects_direct_tokens_without_matching_placeholders
        PASS [   0.055s] (161/308) harness-gate::bin/harness-gate secrets::tests::detects_named_jwt_and_enterprise_messaging_secrets
        PASS [   0.008s] (162/308) harness-gate::bin/harness-gate secrets::tests::invalid_secret_config_fails_closed
        PASS [   0.007s] (163/308) harness-gate::bin/harness-gate secrets::tests::local_test_database_policy_is_configurable
        PASS [   0.060s] (164/308) harness-gate::bin/harness-gate secrets::tests::detects_postgres_credentials_and_secret_bearing_webhooks
        PASS [   0.008s] (165/308) harness-gate::bin/harness-gate secrets::tests::placeholder_prefixes_are_configurable
        PASS [   0.299s] (166/308) harness-gate::bin/harness-gate scope::tests::unmatched_scope_can_fail_closed
        PASS [   0.196s] (167/308) harness-gate::bin/harness-gate secrets::tests::working_tree_scan_rejects_an_oversized_file
        PASS [   0.247s] (168/308) harness-gate::bin/harness-gate secrets::tests::staged_scan_uses_the_staged_secret_config
        PASS [   0.010s] (169/308) harness-gate::bin/harness-gate service::commands::tests::builds_deterministic_start_arguments
        PASS [   0.010s] (170/308) harness-gate::bin/harness-gate service::commands::tests::builds_port_healthcheck_cleanup_and_info_arguments
        PASS [   0.010s] (171/308) harness-gate::bin/harness-gate service::commands::tests::selects_the_expected_docker_compatible_executable
        PASS [   0.010s] (172/308) harness-gate::bin/harness-gate service::inspection::tests::parses_docker_style_inspection
        PASS [   0.010s] (173/308) harness-gate::bin/harness-gate service::inspection::tests::rejects_inspection_that_is_not_json
        PASS [   2.840s] (174/308) harness-gate::bin/harness-gate process::adapter::tests::invalid_environment_entries_are_rejected_before_spawn
        PASS [   0.007s] (175/308) harness-gate::bin/harness-gate service::inspection::tests::rejects_inspection_without_an_immutable_object_id
        PASS [   0.009s] (176/308) harness-gate::bin/harness-gate service::lease::tests::current_process_identity_is_available_on_supported_platforms
        PASS [   0.009s] (177/308) harness-gate::bin/harness-gate service::lease::tests::expired_process_lease_is_stale
        PASS [   0.189s] (178/308) harness-gate::bin/harness-gate secrets::tests::working_tree_scan_skips_file_symlinks
        PASS [   0.613s] (179/308) harness-gate::bin/harness-gate secrets::tests::staged_scan_rejects_an_oversized_blob_before_loading_it
        PASS [   0.367s] (180/308) harness-gate::bin/harness-gate service::lease::tests::heartbeat_failure_blocks_release_and_retains_the_marker
        PASS [   0.007s] (181/308) harness-gate::bin/harness-gate service::lease::tests::resource_keys_are_stable_and_path_safe
        PASS [   0.108s] (182/308) harness-gate::bin/harness-gate service::lease::tests::poisoned_lease_lock_fails_closed_and_retains_the_marker
        PASS [   0.354s] (183/308) harness-gate::bin/harness-gate service::lease::tests::lease_heartbeat_renews_marker_during_a_long_step
        PASS [   0.007s] (184/308) harness-gate::bin/harness-gate service::tests::accepts_an_explicitly_allowed_remote_test_database
        PASS [   0.007s] (185/308) harness-gate::bin/harness-gate service::tests::accepts_an_ipv6_loopback_database
        PASS [   0.007s] (186/308) harness-gate::bin/harness-gate service::tests::accepts_an_isolated_loopback_database
        PASS [   0.113s] (187/308) harness-gate::bin/harness-gate service::lease::tests::uncertain_process_identity_is_retained_without_reclaim
        PASS [   0.198s] (188/308) harness-gate::bin/harness-gate service::lease::tests::runtime_removal_failure_retains_evidence_and_allows_a_proven_retry
        PASS [   0.109s] (189/308) harness-gate::bin/harness-gate service::tests::check_available_rejects_empty_environment_service
        PASS [   0.105s] (190/308) harness-gate::bin/harness-gate service::tests::check_available_reports_unknown_service_and_environment_service
        PASS [   0.095s] (191/308) harness-gate::bin/harness-gate service::tests::cleanup_dry_run_lists_active_marked_resources_without_removing_them
        PASS [   0.109s] (192/308) harness-gate::bin/harness-gate service::tests::cleanup_reclaims_a_stale_marked_lease
        PASS [   2.119s] (193/308) harness-gate::bin/harness-gate process::adapter::tests::validity_window_and_nonce_replay_fail_closed
        PASS [   0.107s] (194/308) harness-gate::bin/harness-gate service::tests::cleanup_surfaces_errors_recorded_by_a_service_resource
        PASS [   0.107s] (195/308) harness-gate::bin/harness-gate service::tests::cross_process_resource_lease_reports_a_conflict_and_can_be_reacquired
        PASS [   0.133s] (196/308) harness-gate::bin/harness-gate service::tests::docker_service_uses_a_valid_external_value_without_docker
        PASS [   0.137s] (197/308) harness-gate::bin/harness-gate service::tests::environment_service_injects_configured_value
        PASS [   0.131s] (198/308) harness-gate::bin/harness-gate service::tests::environment_service_rejects_missing_and_empty_values
        PASS [   0.100s] (199/308) harness-gate::bin/harness-gate service::tests::exclusive_external_service_is_not_reused_after_its_last_lease
        PASS [   0.106s] (200/308) harness-gate::bin/harness-gate service::tests::failed_service_startup_wakes_waiters_without_deadlock
        PASS [   0.118s] (201/308) harness-gate::bin/harness-gate service::tests::failed_warmup_is_cached_for_the_first_real_lease
        PASS [   0.007s] (202/308) harness-gate::bin/harness-gate service::tests::rejects_a_database_without_a_test_suffix
        PASS [   0.114s] (203/308) harness-gate::bin/harness-gate service::tests::missing_service_is_cached_as_a_failure
        PASS [   0.008s] (204/308) harness-gate::bin/harness-gate service::tests::rejects_a_remote_database_without_an_explicit_override
        PASS [   0.008s] (205/308) harness-gate::bin/harness-gate service::tests::rejects_the_configured_runtime_database
        PASS [   0.095s] (206/308) harness-gate::bin/harness-gate service::tests::podman_runtime_uses_external_service_without_starting_a_container
        PASS [   0.215s] (207/308) harness-gate::bin/harness-gate service::tests::managed_service_lease_excludes_concurrent_users
        PASS [   0.012s] (208/308) harness-gate::bin/harness-gate utils::fs::tests::atomic_write_honors_no_replace
        PASS [   0.106s] (209/308) harness-gate::bin/harness-gate service::tests::shareable_environment_service_supports_concurrent_leases
        PASS [   0.019s] (210/308) harness-gate::bin/harness-gate utils::fs::tests::confined_writer_creates_a_missing_output_root
        PASS [   0.121s] (211/308) harness-gate::bin/harness-gate service::tests::releasing_a_lease_leaves_no_marker_file
        PASS [   0.011s] (212/308) harness-gate::bin/harness-gate utils::fs::tests::confined_writer_rejects_parent_and_target_symlinks
        PASS [   0.011s] (213/308) harness-gate::bin/harness-gate utils::git::tests::index_paths_reject_parent_traversal
        PASS [   0.010s] (214/308) harness-gate::bin/harness-gate utils::git::tests::index_paths_use_git_separators_on_every_platform
        PASS [   0.028s] (215/308) harness-gate::bin/harness-gate utils::fs::tests::confined_writer_publishes_complete_content
        PASS [   0.010s] (216/308) harness-gate::bin/harness-gate utils::git::tests::parses_nul_delimited_paths_without_splitting_newlines
        PASS [   0.091s] (217/308) harness-gate::bin/harness-gate service::tests::warmup_populates_resource_before_the_first_lease
        PASS [   0.012s] (218/308) harness-gate::bin/harness-gate utils::git::tests::rejects_non_utf8_paths
        PASS [   0.015s] (219/308) harness-gate::bin/harness-gate verify::parser::tests::ambiguous_standard_results_fail_closed
        PASS [   0.013s] (220/308) harness-gate::bin/harness-gate verify::parser::tests::auto_discovers_root_and_wrapped_supported_result_arrays
        PASS [   0.011s] (221/308) harness-gate::bin/harness-gate verify::parser::tests::auto_discovery_rejects_ambiguous_candidates_even_when_lengths_match
        PASS [   0.012s] (222/308) harness-gate::bin/harness-gate verify::parser::tests::auto_discovery_rejects_non_array_supported_fields
        PASS [   0.011s] (223/308) harness-gate::bin/harness-gate verify::parser::tests::malformed_standard_results_fail_closed
        PASS [   0.015s] (224/308) harness-gate::bin/harness-gate verify::parser::tests::auto_discovery_rejects_error_objects_and_unrelated_nested_arrays
        PASS [   0.037s] (225/308) harness-gate::bin/harness-gate utils::redaction::tests::removes_common_credential_shapes
        PASS [   0.009s] (226/308) harness-gate::bin/harness-gate verify::parser::tests::parses_json_explicit_array_path
        PASS [   0.010s] (227/308) harness-gate::bin/harness-gate verify::parser::tests::parses_json_result_path
        PASS [   0.008s] (228/308) harness-gate::bin/harness-gate verify::parser::tests::parses_junit_testcases
        PASS [   0.010s] (229/308) harness-gate::bin/harness-gate verify::parser::tests::parses_json_explicit_non_negative_integer_path
        PASS [   0.009s] (230/308) harness-gate::bin/harness-gate verify::parser::tests::parses_trx_results
        PASS [   0.010s] (231/308) harness-gate::bin/harness-gate verify::parser::tests::parses_nested_junit_suites_and_namespaces
        PASS [   0.009s] (232/308) harness-gate::bin/harness-gate verify::parser::tests::shard_merge_is_deterministic
        PASS [   0.009s] (233/308) harness-gate::bin/harness-gate verify::parser::tests::rejects_invalid_explicit_path_without_auto_discovery_fallback
        PASS [   0.008s] (234/308) harness-gate::bin/harness-gate verify::parser::tests::shard_merge_rejects_missing_and_duplicate_inputs
        PASS [   0.011s] (235/308) harness-gate::bin/harness-gate verify::plan::tests::dependencies_are_stably_topologically_sorted
        PASS [   0.116s] (236/308) harness-gate::bin/harness-gate verify::plan::tests::legacy_plan_synthesizes_mandatory_gate_chain
        PASS [   0.116s] (237/308) harness-gate::bin/harness-gate verify::plan::tests::plan_rejects_duplicate_ids_before_building_nodes
        PASS [   0.118s] (238/308) harness-gate::bin/harness-gate verify::plan::tests::plan_rejects_duplicate_logs_at_execution_boundary
        PASS [   0.118s] (239/308) harness-gate::bin/harness-gate verify::plan::tests::plan_rejects_missing_dependency_at_execution_boundary
        PASS [   0.114s] (240/308) harness-gate::bin/harness-gate verify::report::tests::configured_html_rejects_external_symlink_templates
        PASS [   0.109s] (241/308) harness-gate::bin/harness-gate verify::report::tests::configured_html_rejects_template_outside_root
        PASS [   0.008s] (242/308) harness-gate::bin/harness-gate verify::report::tests::html_template_replaces_only_supported_fields
        PASS [   5.160s] (243/308) harness-gate::bin/harness-gate process::adapter::tests::crash_timeout_cancellation_and_escape_are_isolated
        PASS [   0.129s] (244/308) harness-gate::bin/harness-gate verify::report::tests::configured_html_supports_include_and_inheritance
        PASS [   0.144s] (245/308) harness-gate::bin/harness-gate verify::report::tests::configured_html_ignores_unrelated_binary_assets
        PASS [   0.030s] (246/308) harness-gate::bin/harness-gate verify::report::tests::junit_escapes_values_and_records_failures
        PASS [   0.032s] (247/308) harness-gate::bin/harness-gate verify::report::tests::machine_result_keeps_cancellation_distinct_from_failure
        PASS [   0.024s] (248/308) harness-gate::bin/harness-gate verify::report::tests::machine_result_rejects_artifacts_outside_the_invocation
        PASS [   0.028s] (249/308) harness-gate::bin/harness-gate verify::report::tests::machine_result_uses_versioned_status_attempts_and_artifact_references
        PASS [   0.031s] (250/308) harness-gate::bin/harness-gate verify::report::tests::machine_status_does_not_infer_cancellation_from_skip_wording
        PASS [   0.026s] (251/308) harness-gate::bin/harness-gate verify::report::tests::markdown_keeps_legacy_summary_shape
        PASS [   0.029s] (252/308) harness-gate::bin/harness-gate verify::report::tests::markdown_and_junit_expose_skipped_steps
        PASS [   0.028s] (253/308) harness-gate::bin/harness-gate verify::report::tests::redaction_removes_credentials_from_exported_text
        PASS [   0.119s] (254/308) harness-gate::bin/harness-gate verify::report::tests::redaction_rejects_oversized_evidence_before_reading_it
        PASS [   0.165s] (255/308) harness-gate::bin/harness-gate verify::report::tests::optional_html_failure_preserves_base_reports
        PASS [   0.223s] (256/308) harness-gate::bin/harness-gate verify::report::tests::manifest_records_digests_and_detects_tampering
        PASS [   0.204s] (257/308) harness-gate::bin/harness-gate verify::report::tests::missing_required_log_blocks_complete_evidence
        PASS [   0.110s] (258/308) harness-gate::bin/harness-gate verify::report::tests::report_target_rejects_existing_symlink_escape
        PASS [   0.114s] (259/308) harness-gate::bin/harness-gate verify::report::tests::report_target_rejects_missing_directory_through_symlink_escape
        PASS [   0.115s] (260/308) harness-gate::bin/harness-gate verify::report::tests::report_target_rejects_windows_style_traversal
        PASS [   0.007s] (261/308) harness-gate::bin/harness-gate verify::report::tests::unknown_machine_failure_contracts_fail_closed
        PASS [   0.287s] (262/308) harness-gate::bin/harness-gate verify::report::tests::registry_and_machine_result_bindings_are_verified
        PASS [   0.007s] (263/308) harness-gate::bin/harness-gate verify::report::tests::unsupported_machine_result_versions_fail_closed
        PASS [   0.010s] (264/308) harness-gate::bin/harness-gate verify::report::tests::webhook_accepts_success_response
        PASS [   0.200s] (265/308) harness-gate::bin/harness-gate verify::report::tests::stale_invocation_metadata_blocks_publication
        PASS [   0.007s] (266/308) harness-gate::bin/harness-gate verify::report::tests::webhook_policy_rechecks_every_resolution_and_fails_closed_on_rebinding
        PASS [   0.008s] (267/308) harness-gate::bin/harness-gate verify::report::tests::webhook_policy_rejects_local_address_before_connecting
        PASS [   0.008s] (268/308) harness-gate::bin/harness-gate verify::report::tests::webhook_policy_rejects_unlisted_hosts_without_exposing_secrets
        PASS [   0.201s] (269/308) harness-gate::bin/harness-gate verify::report::tests::symlink_required_log_blocks_publication_without_touching_target
        PASS [   0.007s] (270/308) harness-gate::bin/harness-gate verify::report::tests::webhook_redirects_are_a_typed_policy_failure
        PASS [   0.009s] (271/308) harness-gate::bin/harness-gate verify::report::tests::webhook_rejects_non_success_response
        PASS [   0.133s] (272/308) harness-gate::bin/harness-gate verify::report::tests::webhook_filters_success_notifications_without_contacting_the_endpoint
        PASS [   0.211s] (273/308) harness-gate::bin/harness-gate verify::report::tests::undeclared_file_blocks_publication
        PASS [   0.007s] (274/308) harness-gate::bin/harness-gate verify::scheduler::tests::cancellation_marks_queued_nodes_without_satisfying_dependencies
        PASS [   0.007s] (275/308) harness-gate::bin/harness-gate verify::scheduler::tests::failed_ancestor_marks_descendant_skipped
        PASS [   0.007s] (276/308) harness-gate::bin/harness-gate verify::scheduler::tests::indexed_readiness_preserves_plan_order_and_unblocks_once
        PASS [   0.007s] (277/308) harness-gate::bin/harness-gate verify::scheduler::tests::indexed_readiness_skips_all_pending_descendants_after_failure
        PASS [   0.207s] (278/308) harness-gate::bin/harness-gate verify::report::tests::unlink_open_log_blocks_publication
        PASS [   0.007s] (279/308) harness-gate::bin/harness-gate verify::scheduler::tests::ready_queue_requires_all_dependencies_to_pass
        PASS [   0.007s] (280/308) harness-gate::bin/harness-gate verify::scheduler::tests::ready_queue_respects_stable_order_and_limit
        PASS [   0.006s] (281/308) harness-gate::bin/harness-gate verify::scheduler::tests::worker_panics_become_scheduler_failures_in_unwind_profiles
        PASS [   0.007s] (282/308) harness-gate::bin/harness-gate verify::steps::tests::cargo_test_threads_are_inserted_after_the_test_separator
        PASS [   0.007s] (283/308) harness-gate::bin/harness-gate verify::steps::tests::runner_arguments_and_environment_are_recorded
        PASS [   0.008s] (284/308) harness-gate::bin/harness-gate verify::tests::adapter_failures_choose_primary_by_plan_order
        PASS [   0.009s] (285/308) harness-gate::bin/harness-gate verify::tests::a_new_test_framework_can_supply_its_own_pattern
        PASS [   0.011s] (286/308) harness-gate::bin/harness-gate verify::tests::configurable_regex_parser_counts_multiple_outputs
        PASS [   0.143s] (287/308) harness-gate::bin/harness-gate verify::report::tests::webhook_redacts_sensitive_report_details
        PASS [   0.140s] (288/308) harness-gate::bin/harness-gate verify::report::tests::webhook_reports_connection_failure
        PASS [   0.149s] (289/308) harness-gate::bin/harness-gate verify::report::tests::webhook_stops_after_the_first_failure_in_configured_order
        PASS [   2.240s] (290/308) harness-gate::bin/harness-gate service::lease::tests::fake_docker_and_podman_cleanup_requires_fresh_complete_ownership
        PASS [   0.329s] (291/308) harness-gate::bin/harness-gate verify::tests::builtin_adapter_failure_writes_report_before_returning_error
        PASS [   0.340s] (292/308) harness-gate::bin/harness-gate verify::tests::gate_failure_writes_compatible_report
        PASS [   0.411s] (293/308) harness-gate::bin/harness-gate verify::tests::explicit_builtin_labels_are_preserved_in_the_report
        PASS [   0.386s] (294/308) harness-gate::bin/harness-gate verify::tests::independent_steps_run_in_parallel_and_publish_in_plan_order
        PASS [   0.446s] (295/308) harness-gate::bin/harness-gate verify::tests::failed_external_node_blocks_only_its_descendants
        PASS [   0.009s] (296/308) harness-gate::bin/harness-gate verify::tests::regex_parser_ignores_ansi_color_sequences
        PASS [   5.987s] (297/308) harness-gate::bin/harness-gate process::adapter::tests::full_request_signature_binds_mutable_fields
        PASS [   0.387s] (298/308) harness-gate::bin/harness-gate verify::tests::json_parser_explicit_numeric_path_preserves_count_and_minimum
        PASS [   0.373s] (299/308) harness-gate::bin/harness-gate verify::tests::non_zero_step_retains_exit_detail_and_log
        PASS [   0.326s] (300/308) harness-gate::bin/harness-gate verify::tests::report_publication_error_precedes_gate_adapter_error_and_preserves_invocation_evidence
        PASS [   0.396s] (301/308) harness-gate::bin/harness-gate verify::tests::parser_failure_marks_step_failed
        PASS [   0.370s] (302/308) harness-gate::bin/harness-gate verify::tests::report_write_failure_returns_error
        PASS [   4.106s] (303/308) harness-gate::bin/harness-gate process::tests::timeout_terminates_process_tree_without_a_descendant_leak
        PASS [   0.388s] (304/308) harness-gate::bin/harness-gate verify::tests::service_failure_does_not_skip_unrelated_steps
        PASS [   0.447s] (305/308) harness-gate::bin/harness-gate verify::tests::timeout_is_a_failed_step_with_timeout_evidence
        PASS [   0.390s] (306/308) harness-gate::bin/harness-gate verify::tests::webhook_connection_failure_maps_to_e1404
        PASS [   0.610s] (307/308) harness-gate::bin/harness-gate verify::tests::verification_runs_use_distinct_invocation_evidence_directories
        PASS [   1.366s] (308/308) harness-gate::bin/harness-gate verify::tests::json_parser_compatibility_preserves_success_zero_partial_and_command_failures
────────────
     Summary [   9.192s] 308 tests run: 308 passed, 0 skipped

    Finished report saved to target/quality/gh-94/v2/base-coverage.json
