npm warn deprecated @angular/animations@22.1.1: @angular/animations is deprecated. Use `animate.enter` and `animate.leave` instead. For more information see: https://v22.angular.dev/guide/animations.

added 472 packages, and audited 473 packages in 21s

148 packages are looking for funding
  run `npm fund` for details

6 vulnerabilities (4 moderate, 2 high)

To address all issues, run:
  npm audit fix

Run `npm audit` for details.
npm warn allow-scripts 4 packages have install scripts not yet covered by allowScripts:
npm warn allow-scripts   @parcel/watcher@2.6.0 (install: node scripts/build-from-source.js)
npm warn allow-scripts   esbuild@0.28.1 (postinstall: node install.js)
npm warn allow-scripts   lmdb@3.5.6 (install: node-gyp-build-optional-packages)
npm warn allow-scripts   msgpackr-extract@3.0.4 (install: node-gyp-build-optional-packages)
npm warn allow-scripts
npm warn allow-scripts Run `npm approve-scripts --allow-scripts-pending` to review, or `npm approve-scripts <pkg>` to allow.
npm notice
npm notice New major version of npm available! 11.16.0 -> 12.0.2
npm notice Changelog: https://github.com/npm/cli/releases/tag/v12.0.2
npm notice To update run: npm install -g npm@12.0.2
npm notice
