    Checking cfg-if v1.0.4
   Compiling serde v1.0.229
   Compiling serde_core v1.0.229
   Compiling getrandom v0.4.3
    Checking typenum v1.20.1
    Checking libc v0.2.189
    Checking once_cell v1.21.4
   Compiling syn v2.0.119
   Compiling syn v3.0.3
    Checking memchr v2.8.3
    Checking pin-project-lite v0.2.17
   Compiling find-msvc-tools v0.1.9
   Compiling shlex v2.0.1
    Checking rand_core v0.10.1
   Compiling cc v1.4.0
    Checking itoa v1.0.18
   Compiling version_check v0.9.5
    Checking futures-core v0.3.33
    Checking tracing-core v0.1.36
    Checking stable_deref_trait v1.2.1
    Checking log v0.4.33
    Checking percent-encoding v2.3.2
    Checking bytes v1.12.1
    Checking hybrid-array v0.4.14
   Compiling generic-array v0.14.7
    Checking futures-sink v0.3.33
   Compiling num-traits v0.2.19
    Checking bitflags v2.13.1
    Checking slab v0.4.12
    Checking writeable v0.6.3
    Checking litemap v0.8.2
   Compiling serde_json v1.0.151
    Checking crypto-common v0.2.2
    Checking utf8_iter v1.0.4
    Checking futures-io v0.3.33
    Checking futures-task v0.3.33
   Compiling ring v0.17.14
    Checking errno v0.3.14
    Checking form_urlencoded v1.2.2
    Checking icu_properties_data v2.2.0
    Checking icu_normalizer_data v2.2.0
    Checking signal-hook-registry v1.4.8
    Checking mio v1.2.2
    Checking socket2 v0.6.5
   Compiling zerocopy v0.8.55
   Compiling parking_lot_core v0.9.12
    Checking cmov v0.5.4
    Checking block-buffer v0.12.1
   Compiling getrandom v0.3.4
    Checking http v1.5.0
    Checking zmij v1.0.23
    Checking ctutils v0.4.2
   Compiling thiserror v2.0.20
    Checking base64 v0.22.1
    Checking futures-channel v0.3.33
    Checking http-body v1.1.0
    Checking cpufeatures v0.3.0
    Checking rand_core v0.9.5
    Checking crossbeam-utils v0.8.22
   Compiling synstructure v0.13.2
    Checking tower-service v0.3.3
   Compiling time-core v0.1.9
   Compiling vcpkg v0.2.15
    Checking subtle v2.6.1
   Compiling serde_derive v1.0.229
   Compiling displaydoc v0.2.7
   Compiling thiserror-impl v2.0.20
   Compiling tokio-macros v2.7.2
   Compiling rustls v0.23.43
   Compiling pkg-config v0.3.33
   Compiling num-conv v0.2.2
    Checking tokio v1.53.1
   Compiling time-macros v0.2.32
   Compiling openssl-sys v0.9.117
   Compiling zerofrom-derive v0.1.7
   Compiling yoke-derive v0.8.2
   Compiling zerovec-derive v0.11.3
   Compiling tracing-attributes v0.1.31
   Compiling futures-macro v0.3.33
   Compiling zerocopy-derive v0.8.55
    Checking futures-util v0.3.33
   Compiling httparse v1.10.1
    Checking zerofrom v0.1.8
    Checking yoke v0.8.3
    Checking deranged v0.5.8
    Checking tracing v0.1.44
    Checking zerovec v0.11.6
    Checking zerotrie v0.2.4
    Checking tinystr v0.8.3
    Checking icu_locale_core v2.2.0
    Checking potential_utf v0.1.5
    Checking smallvec v1.15.2
    Checking icu_collections v2.2.0
   Compiling either v1.17.0
    Checking equivalent v1.0.2
   Compiling zeroize v1.9.0
    Checking tower-layer v0.3.3
    Checking icu_provider v2.2.0
    Checking powerfmt v0.2.0
    Checking const-oid v0.10.2
   Compiling rustls-pki-types v1.15.1
    Checking time v0.3.55
    Checking digest v0.11.3
    Checking icu_properties v2.2.0
    Checking icu_normalizer v2.2.0
   Compiling getrandom v0.2.17
    Checking sync_wrapper v1.0.2
   Compiling scopeguard v1.2.0
   Compiling untrusted v0.9.0
    Checking minimal-lexical v0.2.1
    Checking try-lock v0.2.5
   Compiling thiserror v1.0.69
    Checking nom v7.1.3
    Checking want v0.3.1
   Compiling lock_api v0.4.14
    Checking idna_adapter v1.2.2
    Checking idna v1.1.0
    Checking url v2.5.8
    Checking block-buffer v0.10.4
    Checking crypto-common v0.1.7
   Compiling thiserror-impl v1.0.69
    Checking http-body-util v0.1.4
    Checking uuid v1.24.0
    Checking foldhash v0.2.0
   Compiling crc32fast v1.5.0
    Checking simd-adler32 v0.3.10
   Compiling allocator-api2 v0.2.21
    Checking httpdate v1.0.3
    Checking atomic-waker v1.1.2
   Compiling tinyvec_macros v0.1.1
   Compiling hashbrown v0.16.1
    Checking hyper v1.11.0
   Compiling tinyvec v1.12.0
   Compiling rustls-webpki v0.103.13
    Checking ppv-lite86 v0.2.21
    Checking rusticata-macros v4.1.0
   Compiling digest v0.10.7
   Compiling parking_lot v0.12.5
    Checking rand_chacha v0.9.0
    Checking tower v0.5.3
    Checking rand v0.9.5
   Compiling asn1-rs-impl v0.2.0
   Compiling asn1-rs-derive v0.5.1
    Checking lazy_static v1.5.0
   Compiling iana-time-zone v0.1.65
   Compiling parking v2.2.1
   Compiling crc-catalog v2.5.0
   Compiling hashbrown v0.17.1
    Checking adler2 v2.0.1
   Compiling cpufeatures v0.2.17
   Compiling rustversion v1.0.23
    Checking ipnet v2.12.1
    Checking asn1-rs v0.6.2
    Checking hyper-util v0.1.20
   Compiling indexmap v2.14.0
   Compiling sha2 v0.10.9
    Checking miniz_oxide v0.8.9
   Compiling chrono v0.4.45
   Compiling event-listener v5.4.2
   Compiling crc v3.4.0
   Compiling crossbeam-queue v0.3.13
   Compiling futures-intrusive v0.5.0
   Compiling hashlink v0.11.1
   Compiling unicode-normalization v0.1.25
   Compiling chacha20 v0.10.1
   Compiling hmac v0.13.0
   Compiling webpki-roots v1.0.9
    Checking opentelemetry v0.32.0
    Checking num-integer v0.1.46
    Checking inout v0.2.2
   Compiling unicode-bidi v0.3.18
   Compiling openssl v0.10.81
   Compiling tokio-stream v0.1.19
    Checking foreign-types-shared v0.1.1
   Compiling oid-registry v0.7.1
   Compiling unicode-properties v0.1.4
    Checking base64 v0.21.7
   Compiling pastey v0.1.1
    Checking foreign-types v0.3.2
   Compiling stringprep v0.1.5
    Checking num-bigint v0.4.8
   Compiling rand v0.10.2
   Compiling hkdf v0.13.0
    Checking flate2 v1.1.9
    Checking base64urlsafedata v0.5.5
   Compiling anyhow v1.0.104
    Checking fdeflate v0.3.7
   Compiling sha2 v0.11.0
   Compiling atoi v2.0.0
   Compiling md-5 v0.11.0
   Compiling itertools v0.14.0
   Compiling openssl-macros v0.1.1
    Checking regex-syntax v0.8.11
   Compiling dotenvy v0.15.7
   Compiling whoami v2.1.2
    Checking pxfm v0.1.30
    Checking cpubits v0.1.1
    Checking hex v0.4.3
   Compiling byteorder v1.5.0
   Compiling sqlx-core v0.9.0
   Compiling webauthn-attestation-ca v0.5.5
    Checking der-parser v9.0.0
    Checking regex-automata v0.4.16
   Compiling prost-derive v0.14.4
    Checking png v0.18.1
    Checking rapidhash v4.5.1
    Checking moxcms v0.8.1
    Checking cipher v0.5.2
    Checking tower-http v0.6.11
    Checking half v2.7.1
    Checking futures-executor v0.3.33
   Compiling sqlx-postgres v0.9.0
    Checking universal-hash v0.6.1
    Checking raw-cpuid v11.6.0
   Compiling cookie v0.18.1
    Checking mime v0.3.17
    Checking data-encoding v2.11.1
   Compiling webauthn-rs-core v0.5.5
    Checking byteorder-lite v0.1.0
    Checking ryu v1.0.23
    Checking bytemuck v1.25.2
    Checking serde_urlencoded v0.7.1
    Checking x509-parser v0.16.0
    Checking axum-core v0.5.6
    Checking polyval v0.7.3
    Checking serde_cbor_2 v0.13.0
    Checking opentelemetry_sdk v0.32.1
    Checking reqwest v0.13.4
    Checking prost v0.14.4
    Checking matchers v0.2.0
    Checking quanta v0.12.6
    Checking metrics v0.24.6
    Checking crossbeam-epoch v0.9.20
    Checking webauthn-rs-proto v0.5.5
    Checking sharded-slab v0.1.7
    Checking tracing-serde v0.2.0
   Compiling async-trait v0.1.92
    Checking left-right v0.11.8
    Checking rand_xoshiro v0.7.0
    Checking serde_path_to_error v0.1.20
    Checking tracing-log v0.2.0
    Checking thread_local v1.1.10
    Checking image v0.25.10
    Checking hashbag v0.1.13
    Checking rand_core v0.6.4
    Checking qrcodegen v1.8.0
    Checking matchit v0.8.4
    Checking nu-ansi-term v0.50.3
   Compiling metrics-exporter-prometheus v0.18.3
    Checking base64ct v1.8.3
    Checking sketches-ddsketch v0.3.1
    Checking opentelemetry-proto v0.32.0
    Checking tracing-subscriber v0.3.23
    Checking metrics-util v0.20.4
    Checking axum v0.8.9
    Checking password-hash v0.5.0
    Checking opentelemetry-http v0.32.0
    Checking evmap v11.0.0
    Checking ghash v0.6.0
   Compiling sqlx-macros-core v0.9.0
    Checking ctr v0.10.1
    Checking aes v0.9.2
    Checking aead v0.6.1
    Checking qrcodegen-image v1.5.2
    Checking blake2 v0.10.6
    Checking sha1 v0.11.0
   Compiling utoipa-gen v5.5.0
    Checking constant_time_eq v0.4.2
    Checking base32 v0.5.1
   Compiling arc-admin-backend v0.1.0 (/mnt/dev-ssd/gh206-runner/_work/Harness-Gate/Harness-Gate/target/arc-admin-ci-trial/source/backend)
    Checking totp-rs v6.0.0
    Checking argon2 v0.5.3
    Checking aes-gcm v0.11.0
    Checking tracing-opentelemetry v0.33.0
    Checking opentelemetry-otlp v0.32.0
    Checking webauthn-rs v0.5.5
    Checking tower-http v0.7.0
    Checking base64 v0.23.1
   Compiling sqlx-macros v0.9.0
    Checking sqlx v0.9.0
    Checking axum-extra v0.12.6
    Checking utoipa v5.5.0
    Finished `dev` profile [unoptimized + debuginfo] target(s) in 52.59s
