
> arc-admin@0.0.0 build
> ng build

❯ Building...
✔ Building...
Initial chunk files | Names            |  Raw size | Estimated transfer size
main-X5BJFLYF.js    | main             | 437.45 kB |                91.41 kB
styles-CSVVTZFT.css | styles           |  24.16 kB |                 4.06 kB

                    | Initial total    | 461.61 kB |                95.47 kB

Lazy chunk files    | Names            |  Raw size | Estimated transfer size
chunk-oRzmRFbg.js   | -                | 169.83 kB |                50.31 kB
chunk-BlL5dfAA.js   | -                | 126.47 kB |                23.08 kB
chunk-DzXs__Vp.js   | browser          |  67.88 kB |                17.78 kB
chunk-DKN5TQSA.js   | -                |  64.26 kB |                18.31 kB
chunk-CTnYaXD4.js   | users            |  50.62 kB |                10.15 kB
chunk-jcuVwhdk.js   | -                |  34.77 kB |                 6.27 kB
chunk-DN-NrpBu.js   | roles            |  22.85 kB |                 5.29 kB
chunk-AOvOsJtc.js   | departments      |  21.52 kB |                 6.02 kB
chunk-CZ8BFIU9.js   | -                |  19.50 kB |                 5.10 kB
chunk-B9ubCX1H.js   | audit-logs       |  15.86 kB |                 4.44 kB
chunk-k4CY2pSQ.js   | security         |  15.41 kB |                 4.03 kB
chunk-ovJF7CjV.js   | permissions      |  10.12 kB |                 3.00 kB
chunk-BZrngzna.js   | error-page       |   9.19 kB |                 2.16 kB
chunk-eGbkb2TN.js   | role-permissions |   8.28 kB |                 2.71 kB
chunk-DV2hrsBK.js   | -                |   7.87 kB |                 2.33 kB
...and 3 more lazy chunks files. Use "--verbose" to show all the files.

Application bundle generation complete. [9.050 seconds] - 2026-09-10T05:41:31.245Z

Output location: ${ARC_SOURCE}/frontend/dist/arc-admin

