
> arc-admin@0.0.0 e2e
> playwright test

[WebServer] (node:8797) Warning: The 'NO_COLOR' env is ignored due to the 'FORCE_COLOR' env being set.
[WebServer] (Use `node --trace-warnings ...` to show where the warning was created)
[WebServer] 
[WebServer] Warning: This is a simple server for use in testing or debugging Angular applications
[WebServer] locally. It hasn't been reviewed for security issues.
[WebServer] 
[WebServer] Binding this server to an open connection can result in compromising your application or
[WebServer] computer. Using a different host than the one passed to the "--host" flag might result in
[WebServer] websocket connection issues.
[WebServer]     
[WebServer] (node:8797) Warning: The 'NO_COLOR' env is ignored due to the 'FORCE_COLOR' env being set.
[WebServer] (Use `node --trace-warnings ...` to show where the warning was created)

Running 6 tests using 4 workers

(node:8841) Warning: The 'NO_COLOR' env is ignored due to the 'FORCE_COLOR' env being set.
(Use `node --trace-warnings ...` to show where the warning was created)
(node:8834) Warning: The 'NO_COLOR' env is ignored due to the 'FORCE_COLOR' env being set.
(Use `node --trace-warnings ...` to show where the warning was created)
(node:8840) Warning: The 'NO_COLOR' env is ignored due to the 'FORCE_COLOR' env being set.
(Use `node --trace-warnings ...` to show where the warning was created)
(node:8833) Warning: The 'NO_COLOR' env is ignored due to the 'FORCE_COLOR' env being set.
(Use `node --trace-warnings ...` to show where the warning was created)
  ✓  2 [chromium] › e2e/authenticated-user-flow.spec.ts:730:5 › redirects an unauthenticated deep link to login (2.0s)
  ✓  1 [chromium] › e2e/authenticated-user-flow.spec.ts:736:5 › renders the public error page with one main landmark (2.1s)
(node:9151) Warning: The 'NO_COLOR' env is ignored due to the 'FORCE_COLOR' env being set.
(Use `node --trace-warnings ...` to show where the warning was created)
(node:9157) Warning: The 'NO_COLOR' env is ignored due to the 'FORCE_COLOR' env being set.
(Use `node --trace-warnings ...` to show where the warning was created)
  ✓  5 [mobile-chromium] › e2e/authenticated-user-flow.spec.ts:730:5 › redirects an unauthenticated deep link to login (1.1s)
  ✓  6 [mobile-chromium] › e2e/authenticated-user-flow.spec.ts:736:5 › renders the public error page with one main landmark (1.2s)
  ✓  3 [chromium] › e2e/authenticated-user-flow.spec.ts:69:5 › logs in, uses permission-aware navigation, and creates a user (12.6s)
  ✓  4 [mobile-chromium] › e2e/authenticated-user-flow.spec.ts:69:5 › logs in, uses permission-aware navigation, and creates a user (14.5s)

  6 passed (25.4s)
