    Checking cfg-if v1.0.4
    Checking stable_deref_trait v1.2.1
    Checking memchr v2.8.3
    Checking typenum v1.20.1
    Checking libc v0.2.189
   Compiling siphasher v1.0.3
    Checking zerofrom v0.1.8
    Checking serde_core v1.0.229
    Checking crossbeam-utils v0.8.22
    Checking zeroize v1.9.0
    Checking yoke v0.8.3
    Checking writeable v0.6.3
   Compiling phf_shared v0.11.3
    Checking zerovec v0.11.6
    Checking log v0.4.33
    Checking litemap v0.8.2
   Compiling phf_generator v0.11.3
    Checking aho-corasick v1.1.4
    Checking crossbeam-epoch v0.9.20
    Checking zerotrie v0.2.4
    Checking itoa v1.0.18
    Checking regex-syntax v0.8.11
    Checking utf8_iter v1.0.4
    Checking crossbeam-deque v0.8.7
   Compiling phf_codegen v0.11.3
    Checking tinystr v0.8.3
    Checking potential_utf v0.1.5
    Checking icu_locale_core v2.2.0
   Compiling phf v0.11.3
    Checking hybrid-array v0.4.14
    Checking icu_collections v2.2.0
    Checking getrandom v0.2.17
   Compiling ucd-trie v0.1.7
   Compiling chrono-tz-build v0.3.0
    Checking generic-array v0.14.7
    Checking zerocopy v0.8.56
    Checking crypto-common v0.2.2
    Checking block-buffer v0.12.1
    Checking icu_provider v2.2.0
   Compiling pest v2.9.0
    Checking icu_normalizer_data v2.2.0
    Checking icu_properties_data v2.2.0
    Checking bstr v1.13.0
    Checking rustls-pki-types v1.15.1
    Checking untrusted v0.9.0
    Checking same-file v1.0.6
    Checking bitflags v2.13.1
    Checking smallvec v1.15.2
    Checking percent-encoding v2.3.2
    Checking subtle v2.6.1
    Checking regex-automata v0.4.18
    Checking digest v0.11.3
    Checking icu_normalizer v2.2.0
    Checking walkdir v2.5.0
    Checking ring v0.17.14
    Checking icu_properties v2.2.0
    Checking num-traits v0.2.19
   Compiling chrono-tz v0.9.0
    Checking zmij v1.0.23
    Checking rand_core v0.6.4
    Checking once_cell v1.21.4
    Checking adler2 v2.0.1
    Checking iana-time-zone v0.1.65
    Checking bytes v1.12.1
    Checking simd-adler32 v0.3.10
   Compiling pest_meta v2.9.0
    Checking cpufeatures v0.3.1
    Checking miniz_oxide v0.9.1
    Checking chrono v0.4.45
    Checking idna_adapter v1.2.2
    Checking serde_json v1.0.151
    Checking serde v1.0.229
    Checking http v1.5.0
    Checking rustls-webpki v0.103.15
    Checking globset v0.4.20
   Compiling pest_generator v2.9.0
    Checking crc32fast v1.5.1
    Checking ignore v0.4.33
    Checking httparse v1.10.1
    Checking libm v0.2.16
    Checking block-buffer v0.10.4
    Checking crypto-common v0.1.7
    Checking linux-raw-sys v0.12.1
    Checking signature v3.0.0
    Checking base64 v0.23.1
    Checking tinyvec_macros v0.1.1
    Checking deunicode v1.6.2
    Checking clap_lex v1.1.0
    Checking anstyle v1.0.14
    Checking winnow v1.0.4
    Checking slug v0.1.6
    Checking rustix v1.1.4
    Checking ureq-proto v0.6.1
    Checking clap_builder v4.6.6
    Checking ppv-lite86 v0.2.21
    Checking tinyvec v1.13.2
    Checking toml_parser v1.1.3+spec-1.1.0
    Checking humansize v2.1.3
   Compiling pest_derive v2.9.0
    Checking rand_chacha v0.3.1
    Checking globwalk v0.9.1
    Checking rand v0.8.8
    Checking ed25519 v3.0.0
    Checking digest v0.10.7
    Checking curve25519-dalek v5.0.0
    Checking flate2 v1.1.10
    Checking rustls v0.23.43
    Checking regex v1.13.1
    Checking idna v1.1.0
    Checking sha2 v0.11.0
    Checking rayon-core v1.13.0
    Checking getrandom v0.4.3
    Checking form_urlencoded v1.2.2
    Checking webpki-roots v1.0.9
    Checking serde_spanned v1.1.1
    Checking toml_datetime v1.1.1+spec-1.1.0
    Checking unicode-segmentation v1.13.3
    Checking lazy_static v1.5.0
    Checking utf8-zero v0.8.1
    Checking either v1.17.0
    Checking dyn-clone v1.0.20
    Checking cpufeatures v0.2.17
    Checking toml_writer v1.1.2+spec-1.1.0
    Checking fastrand v2.5.0
    Checking sha2 v0.10.9
    Checking rayon v1.12.0
    Checking ed25519-dalek v3.0.0
    Checking tempfile v3.27.0
    Checking toml v1.1.4+spec-1.1.0
    Checking schemars v0.8.22
    Checking thiserror v2.0.20
    Checking url v2.5.8
    Checking clap v4.6.6
    Checking unicode-normalization v0.1.25
    Checking anyhow v1.0.104
    Checking quick-xml v0.41.0
    Checking tera v1.20.1
    Checking ureq v3.4.0
    Checking harness-gate v0.4.0 (/mnt/dev-ssd/workspaces/symphony/GH-231/tools/harness-gate)
    Checking harness-gate-quality-core v0.1.0 (/mnt/dev-ssd/workspaces/symphony/GH-231/tools/harness-gate/quality-replay)
    Finished `dev` profile [unoptimized + debuginfo] target(s) in 29.17s
