test_changed_source_and_unsafe_destination_reject_before_assembly (test_rust_collector_runtime.BuildInputTests.test_changed_source_and_unsafe_destination_reject_before_assembly) ... ok
test_actual_core_authenticates_private_collector_and_rejects_replay (test_rust_collector_runtime.StandaloneNativeTests.test_actual_core_authenticates_private_collector_and_rejects_replay)
A disposable test signer does not establish delivery or capture trust. ... ok
test_actual_core_configures_installed_collector_once_and_rejects_replay (test_rust_collector_runtime.StandaloneNativeTests.test_actual_core_configures_installed_collector_once_and_rejects_replay) ... ok
test_actual_core_rejects_malformed_output_once_and_consumes_nonce (test_rust_collector_runtime.StandaloneNativeTests.test_actual_core_rejects_malformed_output_once_and_consumes_nonce) ... FAIL
test_complete_fixture_classifies_with_private_reexport (test_rust_collector_runtime.StandaloneNativeTests.test_complete_fixture_classifies_with_private_reexport) ... ok
test_doctor_and_unknown_collect_never_sample (test_rust_collector_runtime.StandaloneNativeTests.test_doctor_and_unknown_collect_never_sample) ... ok
test_private_cargo_capture_preserves_incomplete_classification (test_rust_collector_runtime.StandaloneNativeTests.test_private_cargo_capture_preserves_incomplete_classification) ... FAIL
test_private_generic_projection_is_decided_by_actual_core (test_rust_collector_runtime.StandaloneNativeTests.test_private_generic_projection_is_decided_by_actual_core)
Native diagnostic; unsigned preparation does not authorize a delivery tuple. ... ok
test_real_low_coverage_is_completion_and_legacy_exit_is_preserved (test_rust_collector_runtime.StandaloneNativeTests.test_real_low_coverage_is_completion_and_legacy_exit_is_preserved) ... ok
test_released_core_evaluates_typed_private_measurements (test_rust_collector_runtime.StandaloneNativeTests.test_released_core_evaluates_typed_private_measurements) ... ok
test_wrong_anchor_has_no_measurement (test_rust_collector_runtime.StandaloneNativeTests.test_wrong_anchor_has_no_measurement) ... ok

======================================================================
FAIL: test_actual_core_rejects_malformed_output_once_and_consumes_nonce (test_rust_collector_runtime.StandaloneNativeTests.test_actual_core_rejects_malformed_output_once_and_consumes_nonce)
----------------------------------------------------------------------
Traceback (most recent call last):
  File "/mnt/dev-ssd/workspaces/symphony/GH-231/tools/quality/tests/test_rust_collector_runtime.py", line 419, in test_actual_core_rejects_malformed_output_once_and_consumes_nonce
    configured_malformed_rejection(self, str(Path(binary).resolve(strict=True)))
    ~~~~~~~~~~~~~~~~~~~~~~~~~~~~~~^^^^^^^^^^^^^^^^^^^^^^^^^^^^^^^^^^^^^^^^^^^^^^
  File "/mnt/dev-ssd/workspaces/symphony/GH-231/tools/quality/tests/rust_collector_config_fixture.py", line 239, in configured_malformed_rejection
    test.assertIn('malformed adapter response:', result.stderr)
    ~~~~~~~~~~~~~^^^^^^^^^^^^^^^^^^^^^^^^^^^^^^^^^^^^^^^^^^^^^^
AssertionError: 'malformed adapter response:' not found in 'ERROR [E1000]: command failed: collector native: ADAPTER_PROTOCOL_FAILURE: write adapter request: Broken pipe (os error 32)\n'

======================================================================
FAIL: test_private_cargo_capture_preserves_incomplete_classification (test_rust_collector_runtime.StandaloneNativeTests.test_private_cargo_capture_preserves_incomplete_classification)
----------------------------------------------------------------------
Traceback (most recent call last):
  File "/mnt/dev-ssd/workspaces/symphony/GH-231/tools/quality/tests/test_rust_collector_runtime.py", line 151, in test_private_cargo_capture_preserves_incomplete_classification
    self.assertEqual(result.returncode, 0, result.stderr)
    ~~~~~~~~~~~~~~~~^^^^^^^^^^^^^^^^^^^^^^^^^^^^^^^^^^^^^
AssertionError: 1 != 0 : Traceback (most recent call last):
  File "<string>", line 1, in <module>
    import sys; from pathlib import Path; r=Path(sys.argv[1]); sys.path.insert(0,str(r/"app")); import rust_native_driver as n; print(n.collect_cargo(Path(sys.argv[2]),Path(sys.argv[3]),r/"bin/harness-gate-rust-native-driver",r/"rust",["contract"],runtime=r))
                                                                                                                                      ~~~~~~~~~~~~~~~^^^^^^^^^^^^^^^^^^^^^^^^^^^^^^^^^^^^^^^^^^^^^^^^^^^^^^^^^^^^^^^^^^^^^^^^^^^^^^^^^^^^^^^^^^^^^^^^^^^^^^^^^^^^^
  File "/mnt/dev-ssd/workspaces/symphony/GH-231/target/gh-231/runtime/app/rust_native_driver.py", line 285, in collect_cargo
    run(raw, 'cargo', command, env)
    ~~~^^^^^^^^^^^^^^^^^^^^^^^^^^^^
  File "/mnt/dev-ssd/workspaces/symphony/GH-231/target/gh-231/runtime/app/rust_native_driver.py", line 380, in run
    require(result.returncode == 0, f'{label} exited {result.returncode}; see {directory}/{label}.stderr')
    ~~~~~~~^^^^^^^^^^^^^^^^^^^^^^^^^^^^^^^^^^^^^^^^^^^^^^^^^^^^^^^^^^^^^^^^^^^^^^^^^^^^^^^^^^^^^^^^^^^^^^^
  File "/mnt/dev-ssd/workspaces/symphony/GH-231/target/gh-231/runtime/app/rust_native_driver.py", line 354, in require
    raise ValueError(message)
ValueError: cargo exited 101; see /mnt/dev-ssd/workspaces/symphony/GH-231/target/gh-231/runtime-tests/tmp_k4g84ws/cargo/raw/cargo.stderr


----------------------------------------------------------------------
Ran 11 tests in 149.618s

FAILED (failures=2)
