test_exact_tag_abi_and_host_trust_rejected (test_collector_delivery.DeliveryTests.test_exact_tag_abi_and_host_trust_rejected) ... ok
test_existing_version_and_corrupt_rollback_fail_closed (test_collector_delivery.DeliveryTests.test_existing_version_and_corrupt_rollback_fail_closed) ... ok
test_installer_root_and_asset_links_are_rejected (test_collector_delivery.DeliveryTests.test_installer_root_and_asset_links_are_rejected) ... ok
test_interruption_recovery_at_each_activation_boundary (test_collector_delivery.DeliveryTests.test_interruption_recovery_at_each_activation_boundary) ... ok
test_missing_extra_unsigned_tampered_assets (test_collector_delivery.DeliveryTests.test_missing_extra_unsigned_tampered_assets) ... ok
test_recovery_preserves_unowned_staging_evidence (test_collector_delivery.DeliveryTests.test_recovery_preserves_unowned_staging_evidence) ... ok
test_sigkill_preserves_active_and_recovery_is_idempotent (test_collector_delivery.DeliveryTests.test_sigkill_preserves_active_and_recovery_is_idempotent) ... ok
test_signed_but_inconsistent_provenance_sbom_and_inventory (test_collector_delivery.DeliveryTests.test_signed_but_inconsistent_provenance_sbom_and_inventory) ... ok
test_signed_install_rollback_uninstall_preserves_evidence (test_collector_delivery.DeliveryTests.test_signed_install_rollback_uninstall_preserves_evidence) ... ok
test_signed_trailing_archive_payload_is_rejected (test_collector_delivery.DeliveryTests.test_signed_trailing_archive_payload_is_rejected) ... ok
test_traversal_links_duplicates_extra_and_missing_archive_payload (test_collector_delivery.DeliveryTests.test_traversal_links_duplicates_extra_and_missing_archive_payload) ... ok
test_uninstall_recovers_partial_deletion (test_collector_delivery.DeliveryTests.test_uninstall_recovers_partial_deletion) ... ok
test_uninstall_refuses_unowned_data_and_symlinks (test_collector_delivery.DeliveryTests.test_uninstall_refuses_unowned_data_and_symlinks) ... ok
test_unsigned_payload_digest_and_unsafe_permissions (test_collector_delivery.DeliveryTests.test_unsigned_payload_digest_and_unsafe_permissions) ... ok
test_independent_eligibility_reuses_exact_main_ci_without_core_version (test_collector_delivery.EligibilityTests.test_independent_eligibility_reuses_exact_main_ci_without_core_version) ... ok
test_nonpublishing_workflow_remains_protected (test_collector_delivery.EligibilityTests.test_nonpublishing_workflow_remains_protected) ... ok
test_only_independent_exact_stable_or_rc_tags (test_collector_delivery.EligibilityTests.test_only_independent_exact_stable_or_rc_tags) ... ok
test_protected_approval_is_mandatory (test_collector_delivery.EligibilityTests.test_protected_approval_is_mandatory) ... ok
test_receipt_cannot_drop_ci_or_approval (test_collector_delivery.EligibilityTests.test_receipt_cannot_drop_ci_or_approval) ... ok
test_component_removes_source_userinfo (test_generate_sbom.GenerateSbomTests.test_component_removes_source_userinfo) ... ok
test_ssh_userinfo_is_not_published (test_generate_sbom.GenerateSbomTests.test_ssh_userinfo_is_not_published) ... ok
test_asset_declaration_tampering_blocks (test_release_inventory.ReleaseInventoryTests.test_asset_declaration_tampering_blocks) ... ok
test_exact_inventory_is_valid (test_release_inventory.ReleaseInventoryTests.test_exact_inventory_is_valid) ... ok
test_extra_asset_blocks (test_release_inventory.ReleaseInventoryTests.test_extra_asset_blocks) ... ok
test_invalid_checksum_hex_blocks (test_release_inventory.ReleaseInventoryTests.test_invalid_checksum_hex_blocks) ... ok
test_inventory_path_binding_blocks (test_release_inventory.ReleaseInventoryTests.test_inventory_path_binding_blocks) ... ok
test_missing_asset_blocks (test_release_inventory.ReleaseInventoryTests.test_missing_asset_blocks) ... ok
test_modified_asset_blocks (test_release_inventory.ReleaseInventoryTests.test_modified_asset_blocks) ... ok
test_unattested_asset_blocks (test_release_inventory.ReleaseInventoryTests.test_unattested_asset_blocks) ... ok
test_unlisted_attestation_blocks (test_release_inventory.ReleaseInventoryTests.test_unlisted_attestation_blocks) ... ok
test_unsigned_asset_blocks (test_release_inventory.ReleaseInventoryTests.test_unsigned_asset_blocks) ... ok
test_exact_semver_tag_and_main_ancestry_pass (test_release_policy.ReleasePolicyTests.test_exact_semver_tag_and_main_ancestry_pass) ... ok
test_exact_successful_main_push_run_is_selected (test_release_policy.ReleasePolicyTests.test_exact_successful_main_push_run_is_selected) ... ok
test_failed_or_wrong_commit_ci_run_is_rejected (test_release_policy.ReleasePolicyTests.test_failed_or_wrong_commit_ci_run_is_rejected) ... ok
test_manifest_version_is_read (test_release_policy.ReleasePolicyTests.test_manifest_version_is_read) ... ok
test_non_semver_tag_is_rejected (test_release_policy.ReleasePolicyTests.test_non_semver_tag_is_rejected) ... ok
test_package_version_mismatch_fails_before_network_access (test_release_policy.ReleasePolicyTests.test_package_version_mismatch_fails_before_network_access) ... ok
test_prerelease_semver_is_supported (test_release_policy.ReleasePolicyTests.test_prerelease_semver_is_supported) ... ok
test_required_quality_aggregate_must_be_successful (test_release_policy.ReleasePolicyTests.test_required_quality_aggregate_must_be_successful) ... ok
test_tag_commit_must_be_reachable_from_main (test_release_policy.ReleasePolicyTests.test_tag_commit_must_be_reachable_from_main) ... ok
test_tag_must_resolve_to_requested_commit (test_release_policy.ReleasePolicyTests.test_tag_must_resolve_to_requested_commit) ... ok
test_publication_download_excludes_policy_evidence (test_release_workflow.ReleaseWorkflowTests.test_publication_download_excludes_policy_evidence)
Only build-matrix artifacts may be copied into the release dist. ... ok

----------------------------------------------------------------------
Ran 42 tests in 9.129s

OK
